MySQL Shell 8.0.3-dmr

Copyright (c) 2016, 2017, Oracle and/or its affiliates. All rights reserved.

Oracle is a registered trademark of Oracle Corporation and/or its
affiliates. Other names may be trademarks of their respective
owners.

Type '\help' or '\?' for help; '\quit' to exit.

 MySQL  JS > \sql
Switching to SQL mode... Commands end with ;
 MySQL  SQL > \connect -mc root@localhost
Creating a Classic session to 'root@localhost'
Enter password:
Your MySQL connection id is 17
Server version: 5.5.8-log MySQL Community Server (GPL)
No default schema selected; type \use <schema> to set one.
 MySQL  localhost:3306  SQL > revoke all privileges, grant option from 'prueba'@'localhost';
Query OK, 0 rows affected (0.06 sec)
 MySQL  localhost:3306  SQL > grant select(name) on world.city to 'prueba'@'localhost';
ERROR: 1146 (42S02): Table 'world.city' doesn't exist
 MySQL  localhost:3306  SQL > grant select(name) on ventas to 'prueba'@'localhost';
ERROR: 1046 (3D000): No database selected
 MySQL  localhost:3306  SQL > grant select(name) on almacen to 'prueba'@'localhost';
ERROR: 1046 (3D000): No database selected
 MySQL  localhost:3306  SQL > grant select(name) on cliente to 'prueba'@'localhost';
ERROR: 1046 (3D000): No database selected
 MySQL  localhost:3306  SQL > grant select(name) on alumno to 'prueba'@'localhost';
ERROR: 1046 (3D000): No database selected
 MySQL  localhost:3306  SQL > grant select(name) on examen.alumno to 'prueba'@'localhost';
ERROR: 1054 (42S22): Unknown column 'name' in 'alumno'
 MySQL  localhost:3306  SQL > grant select(nombre) on examen.alumno to 'prueba'@'localhost';
Query OK, 0 rows affected (0.00 sec)
 MySQL  localhost:3306  SQL > create use'Prueba3'@'localhost' identified by '14550596';
ERROR: 1064 (42000): You have an error in your SQL syntax; check the manual that corresponds to your MySQL server version for the right syntax to use near 'use'Prueba3'@'localhost' identified by '14550596'' at line 1
 MySQL  localhost:3306  SQL > create user 'prueba3'@'localhost' identified by '14550596';
Query OK, 0 rows affected (0.00 sec)
 MySQL  localhost:3306  SQL > create user 'prueba2'@'localhost' identified by '14550596';
Query OK, 0 rows affected (0.00 sec)
 MySQL  localhost:3306  SQL > create user 'prueba4'@'localhost' identified by '145505960';
Query OK, 0 rows affected (0.00 sec)
 MySQL  localhost:3306  SQL > create user 'prueba5'@'localhost' identified by '14550596';
Query OK, 0 rows affected (0.00 sec)
 MySQL  localhost:3306  SQL >
MySQL Shell 8.0.3-dmr

Copyright (c) 2016, 2017, Oracle and/or its affiliates. All rights reserved.

Oracle is a registered trademark of Oracle Corporation and/or its
affiliates. Other names may be trademarks of their respective
owners.

Type '\help' or '\?' for help; '\quit' to exit.

 MySQL  JS > \sql
Switching to SQL mode... Commands end with ;
 MySQL  SQL > \connect -mc root@localhost
Creating a Classic session to 'root@localhost'
Enter password:
Your MySQL connection id is 34
Server version: 5.5.8-log MySQL Community Server (GPL)
No default schema selected; type \use <schema> to set one.
 MySQL  localhost:3306  SQL > create user 'Prueba5'@'localhost' identified by '14550596'
                          ... ;
Query OK, 0 rows affected (0.01 sec)
 MySQL  localhost:3306  SQL > create user 'Prueba6'@'localhost' identified by '14550596';
Query OK, 0 rows affected (0.00 sec)
 MySQL  localhost:3306  SQL > create user 'Prueba7'@'localhost' identified by '14550596';
Query OK, 0 rows affected (0.00 sec)
 MySQL  localhost:3306  SQL >