MySQL Shell 8.0.3-dmr

Copyright (c) 2016, 2017, Oracle and/or its affiliates. All rights reserved.

Oracle is a registered trademark of Oracle Corporation and/or its
affiliates. Other names may be trademarks of their respective
owners.

Type '\help' or '\?' for help; '\quit' to exit.

 MySQL  JS > \sql
Switching to SQL mode... Commands end with ;
 MySQL  SQL > \connect -mc root@localhost;
Creating a Classic session to 'root@localhost;'
Enter password:
ERROR: 2005 (HY000): Unknown MySQL server host 'localhost;' (2)
 MySQL  SQL > \connect -mc root@localhost
Creating a Classic session to 'root@localhost'
Enter password:
Your MySQL connection id is 7
Server version: 5.5.8-log MySQL Community Server (GPL)
No default schema selected; type \use <schema> to set one.
 MySQL  localhost:3306  SQL > grant all on mundo.* to 'prueba'@'localhost';                  grant all on mundo.* to 'prueba'@'localhost';
Query OK, 0 rows affected (0.00 sec)
 MySQL  localhost:3306  SQL > \connect -mc prueba@localhost
Creating a Classic session to 'prueba@localhost'
Enter password:
ERROR: 1045 (28000): Access denied for user 'prueba'@'localhost' (using password: NO)
 MySQL  localhost:3306  SQL > \connect -mc prueba@localhost
Creating a Classic session to 'prueba@localhost'
Enter password: ********
ERROR: 1045 (28000): Access denied for user 'prueba'@'localhost' (using password: YES)
 MySQL  localhost:3306  SQL > \connect -mc prueba@localhost
Creating a Classic session to 'prueba@localhost'
Enter password: ****
ERROR: 1045 (28000): Access denied for user 'prueba'@'localhost' (using password: YES)
 MySQL  localhost:3306  SQL > \connect -mc prueba@localhost
Creating a Classic session to 'prueba@localhost'
Enter password:
ERROR: 1045 (28000): Access denied for user 'prueba'@'localhost' (using password: NO)
 MySQL  localhost:3306  SQL > \connect -mc prueba@localhost
Creating a Classic session to 'prueba@localhost'
Enter password:
ERROR: 1045 (28000): Access denied for user 'prueba'@'localhost' (using password: NO)
 MySQL  localhost:3306  SQL > \connect -mc prueba@localhost
Creating a Classic session to 'prueba@localhost'
Enter password: ********
Closing old connection...
Your MySQL connection id is 15
Server version: 5.5.8-log MySQL Community Server (GPL)
No default schema selected; type \use <schema> to set one.
 MySQL  localhost:3306  SQL > show databases;
+--------------------+
| Database           |
+--------------------+
| information_schema |
| examen             |
| mundo              |
| test               |
+--------------------+
4 rows in set (0.00 sec)
 MySQL  localhost:3306  SQL > \use mundo
Schema set to `mundo`.
 MySQL  localhost:3306  mundo  SQL > show databases;
+--------------------+
| Database           |
+--------------------+
| information_schema |
| examen             |
| mundo              |
| test               |
+--------------------+
4 rows in set (0.00 sec)
 MySQL  localhost:3306  mundo  SQL > show tables;
+-----------------+
| Tables_in_mundo |
+-----------------+
| ciudadano       |
| ciudades        |
| comida_mundo    |
| copia_paises    |
| oceanos         |
| paises          |
| paises_copia    |
| viajero         |
+-----------------+
8 rows in set (0.00 sec)
 MySQL  localhost:3306  mundo  SQL > \connect -mc root@localhost
Creating a Classic session to 'root@localhost'
Enter password:
Closing old connection...
Your MySQL connection id is 16
Server version: 5.5.8-log MySQL Community Server (GPL)
No default schema selected; type \use <schema> to set one.
 MySQL  localhost:3306  SQL > revoke all privileges, grant option from prueba@localhost;
Query OK, 0 rows affected (0.00 sec)
 MySQL  localhost:3306  SQL > \connect -mc root@localhost
Creating a Classic session to 'root@localhost'
Enter password:
Closing old connection...
Your MySQL connection id is 17
Server version: 5.5.8-log MySQL Community Server (GPL)
No default schema selected; type \use <schema> to set one.
 MySQL  localhost:3306  SQL >